ΓÜá Warning: Next.js inferred your workspace root, but it may not be correct.
 We detected multiple lockfiles and selected the directory of C:\Users\lenovo\package-lock.json as the root directory.
 To silence this warning, set `turbopack.root` in your Next.js config, or consider removing one of the lockfiles if it's not needed.
   See https://nextjs.org/docs/app/api-reference/config/next-config-js/turbopack#root-directory for more information.
 Detected additional lockfiles: 
   * C:\Users\lenovo\.gemini\antigravity\scratch\cee-writing-service\package-lock.json

Γû▓ Next.js 16.1.7 (Turbopack)
- Environments: .env.local

ΓÜá The "middleware" file convention is deprecated. Please use "proxy" instead. Learn more: https://nextjs.org/docs/messages/middleware-to-proxy
  Creating an optimized production build ...
Γ£ô Compiled successfully in 38.6s
  Running TypeScript ...
Failed to compile.

./src/app/(admin)/layout.tsx:76:67
Type error: Object literal may only specify known properties, and 'w' does not exist in type 'Properties<string | number, string & {}>'.

  74 |             onClick={handleLogout}
  75 |             style={{
> 76 |               display: 'flex', alignItems: 'center', gap: '12px', w: '100%',
     |                                                                   ^
  77 |               padding: '12px 16px', borderRadius: '12px', border: 'none',
  78 |               background: 'rgba(255,60,60,0.1)', color: '#ff6b6b',
  79 |               cursor: 'pointer', fontWeight: 600, width: '100%',
Next.js build worker exited with code: 1 and signal: null
